
> obbo-imanage@0.1.0 build
> next build

[@serwist/next] WARNING: You are using '@serwist/next' with `next dev --turbopack`, but it doesn't support Turbopack. Do one of the following:

- Set `disable` to `process.env.NODE_ENV !== "production"`.

- Use webpack by running `next dev --webpack` instead of `next dev --turbopack`.

- Migrate to '@serwist/turbopack' which has experimental support for Turbopack. See https://serwist.pages.dev/docs/next/turbo for more information.

- Migrate to configurator mode which has support for Turbopack. See https://serwist.pages.dev/docs/next/config for more information. 

Follow https://github.com/serwist/serwist/issues/54 for progress on Serwist + Turbopack. You can also suppress this warning by setting SERWIST_SUPPRESS_TURBOPACK_WARNING=1.

▲ Next.js 16.2.4 (Turbopack)
- Environments: .env.local

⚠ The "middleware" file convention is deprecated. Please use "proxy" instead. Learn more: https://nextjs.org/docs/messages/middleware-to-proxy
  Creating an optimized production build ...
✓ Compiled successfully in 7.4s
  Running TypeScript ...
  Finished TypeScript in 8.4s ...
  Collecting page data using 11 workers ...
  Generating static pages using 11 workers (0/29) ...
⚠ metadataBase property in metadata export is not set for resolving social open graph or twitter images, using "http://localhost:3000". See https://nextjs.org/docs/app/api-reference/functions/generate-metadata#metadatabase
⚠ metadataBase property in metadata export is not set for resolving social open graph or twitter images, using "http://localhost:3000". See https://nextjs.org/docs/app/api-reference/functions/generate-metadata#metadatabase
The width(-1) and height(-1) of chart should be greater than 0,
       please check the style of container, or the props width(100%) and height(100%),
       or add a minWidth(0) or minHeight(undefined) or use aspect(undefined) to control the
       height and width.
  Generating static pages using 11 workers (7/29) 
  Generating static pages using 11 workers (14/29) 
  Generating static pages using 11 workers (21/29) 
✓ Generating static pages using 11 workers (29/29) in 868ms
  Finalizing page optimization ...

Route (app)
┌ ○ /
├ ○ /_not-found
├ ○ /admin
├ ○ /admin/clients
├ ○ /admin/dashboard
├ ○ /admin/inventory
├ ○ /admin/orders
├ ○ /admin/products
├ ○ /admin/profile
├ ○ /admin/reports
├ ○ /admin/reports/warehouse-manager
├ ○ /admin/settings
├ ƒ /api/auth/send-otp
├ ƒ /api/auth/verify-otp
├ ○ /client
├ ƒ /client/catalog
├ ƒ /client/contact-admin
├ ƒ /client/dashboard
├ ƒ /client/ledger
├ ƒ /client/orders
├ ƒ /client/orders/[id]
├ ○ /client/orders/new
├ ○ /client/pending-kyc
├ ƒ /client/profile
├ ○ /login
├ ○ /manifest.webmanifest
├ ○ /pending
└ ○ /register


ƒ Proxy (Middleware)

○  (Static)   prerendered as static content
ƒ  (Dynamic)  server-rendered on demand

